
Allocating common symbols
Common symbol       size              file

Distance            0x2d0             ..\obj\main.o
receive2Buffer      0x64              ..\obj\Serial2.o
XV11_Package        0x16              ..\obj\main.o
DisplayTimestamp    0x4               ..\obj\main.o
PrintTimestamp      0x4               ..\obj\main.o
TimingDelay         0x4               ..\obj\Delay.o
receiveBuffer       0x64              ..\obj\Serial.o

Discarded input sections

 .text          0x00000000        0x0 ..\obj\semihosting.o
 .data          0x00000000        0x0 ..\obj\semihosting.o
 .bss           0x00000000       0x11 ..\obj\semihosting.o
 .text.SH_SendChar
                0x00000000       0x64 ..\obj\semihosting.o
 .text.SH_SendString
                0x00000000       0x20 ..\obj\semihosting.o
 .text.SH_GetChar
                0x00000000       0x40 ..\obj\semihosting.o
 .debug_info    0x00000000      0x136 ..\obj\semihosting.o
 .debug_abbrev  0x00000000       0xad ..\obj\semihosting.o
 .debug_aranges
                0x00000000       0x30 ..\obj\semihosting.o
 .debug_ranges  0x00000000       0x20 ..\obj\semihosting.o
 .debug_line    0x00000000       0xba ..\obj\semihosting.o
 .debug_str     0x00000000      0x20c ..\obj\semihosting.o
 .comment       0x00000000       0x6f ..\obj\semihosting.o
 .debug_frame   0x00000000       0x7c ..\obj\semihosting.o
 .ARM.attributes
                0x00000000       0x39 ..\obj\semihosting.o
 .text          0x00000000        0x0 ..\obj\stm32f4xx_usart.o
 .data          0x00000000        0x0 ..\obj\stm32f4xx_usart.o
 .bss           0x00000000        0x0 ..\obj\stm32f4xx_usart.o
 .text.USART_DeInit
                0x00000000       0xd4 ..\obj\stm32f4xx_usart.o
 .text.USART_StructInit
                0x00000000       0x3c ..\obj\stm32f4xx_usart.o
 .text.USART_ClockInit
                0x00000000       0x58 ..\obj\stm32f4xx_usart.o
 .text.USART_ClockStructInit
                0x00000000       0x2c ..\obj\stm32f4xx_usart.o
 .text.USART_SetPrescaler
                0x00000000       0x3c ..\obj\stm32f4xx_usart.o
 .text.USART_OverSampling8Cmd
                0x00000000       0x44 ..\obj\stm32f4xx_usart.o
 .text.USART_OneBitMethodCmd
                0x00000000       0x40 ..\obj\stm32f4xx_usart.o
 .text.USART_SetAddress
                0x00000000       0x3c ..\obj\stm32f4xx_usart.o
 .text.USART_ReceiverWakeUpCmd
                0x00000000       0x40 ..\obj\stm32f4xx_usart.o
 .text.USART_WakeUpConfig
                0x00000000       0x38 ..\obj\stm32f4xx_usart.o
 .text.USART_LINBreakDetectLengthConfig
                0x00000000       0x38 ..\obj\stm32f4xx_usart.o
 .text.USART_LINCmd
                0x00000000       0x40 ..\obj\stm32f4xx_usart.o
 .text.USART_SendBreak
                0x00000000       0x24 ..\obj\stm32f4xx_usart.o
 .text.USART_HalfDuplexCmd
                0x00000000       0x40 ..\obj\stm32f4xx_usart.o
 .text.USART_SetGuardTime
                0x00000000       0x3c ..\obj\stm32f4xx_usart.o
 .text.USART_SmartCardCmd
                0x00000000       0x40 ..\obj\stm32f4xx_usart.o
 .text.USART_SmartCardNACKCmd
                0x00000000       0x40 ..\obj\stm32f4xx_usart.o
 .text.USART_IrDAConfig
                0x00000000       0x38 ..\obj\stm32f4xx_usart.o
 .text.USART_IrDACmd
                0x00000000       0x40 ..\obj\stm32f4xx_usart.o
 .text.USART_DMACmd
                0x00000000       0x48 ..\obj\stm32f4xx_usart.o
 .text.USART_ClearFlag
                0x00000000       0x24 ..\obj\stm32f4xx_usart.o
 .text.USART_ClearITPendingBit
                0x00000000       0x3c ..\obj\stm32f4xx_usart.o
 .text          0x00000000        0x0 ..\obj\startup_stm32f4xx.o
 .data          0x00000000        0x0 ..\obj\startup_stm32f4xx.o
 .bss           0x00000000        0x0 ..\obj\startup_stm32f4xx.o
 .text          0x00000000        0x0 ..\obj\main.o
 .data          0x00000000        0x0 ..\obj\main.o
 .bss           0x00000000        0x6 ..\obj\main.o
 .text.ParsePackage
                0x00000000      0x1bc ..\obj\main.o
 .text.LoadPackage
                0x00000000       0x44 ..\obj\main.o
 .text.PackageChecksum
                0x00000000       0xbc ..\obj\main.o
 .text.Debug_WriteWords
                0x00000000       0x50 ..\obj\main.o
 COMMON         0x00000000      0x2f0 ..\obj\main.o
 .text          0x00000000        0x0 ..\obj\stm32f4xx_rcc.o
 .bss           0x00000000        0x0 ..\obj\stm32f4xx_rcc.o
 .text.RCC_DeInit
                0x00000000       0x50 ..\obj\stm32f4xx_rcc.o
 .text.RCC_HSEConfig
                0x00000000       0x28 ..\obj\stm32f4xx_rcc.o
 .text.RCC_WaitForHSEStartUp
                0x00000000       0x50 ..\obj\stm32f4xx_rcc.o
 .text.RCC_AdjustHSICalibrationValue
                0x00000000       0x3c ..\obj\stm32f4xx_rcc.o
 .text.RCC_HSICmd
                0x00000000       0x20 ..\obj\stm32f4xx_rcc.o
 .text.RCC_LSEConfig
                0x00000000       0x44 ..\obj\stm32f4xx_rcc.o
 .text.RCC_LSICmd
                0x00000000       0x20 ..\obj\stm32f4xx_rcc.o
 .text.RCC_PLLConfig
                0x00000000       0x40 ..\obj\stm32f4xx_rcc.o
 .text.RCC_PLLCmd
                0x00000000       0x20 ..\obj\stm32f4xx_rcc.o
 .text.RCC_PLLI2SConfig
                0x00000000       0x2c ..\obj\stm32f4xx_rcc.o
 .text.RCC_PLLI2SCmd
                0x00000000       0x20 ..\obj\stm32f4xx_rcc.o
 .text.RCC_ClockSecuritySystemCmd
                0x00000000       0x20 ..\obj\stm32f4xx_rcc.o
 .text.RCC_MCO1Config
                0x00000000       0x40 ..\obj\stm32f4xx_rcc.o
 .text.RCC_MCO2Config
                0x00000000       0x40 ..\obj\stm32f4xx_rcc.o
 .text.RCC_SYSCLKConfig
                0x00000000       0x38 ..\obj\stm32f4xx_rcc.o
 .text.RCC_GetSYSCLKSource
                0x00000000       0x20 ..\obj\stm32f4xx_rcc.o
 .text.RCC_HCLKConfig
                0x00000000       0x38 ..\obj\stm32f4xx_rcc.o
 .text.RCC_PCLK1Config
                0x00000000       0x38 ..\obj\stm32f4xx_rcc.o
 .text.RCC_PCLK2Config
                0x00000000       0x3c ..\obj\stm32f4xx_rcc.o
 .text.RCC_RTCCLKConfig
                0x00000000       0x5c ..\obj\stm32f4xx_rcc.o
 .text.RCC_RTCCLKCmd
                0x00000000       0x20 ..\obj\stm32f4xx_rcc.o
 .text.RCC_BackupResetCmd
                0x00000000       0x20 ..\obj\stm32f4xx_rcc.o
 .text.RCC_I2SCLKConfig
                0x00000000       0x20 ..\obj\stm32f4xx_rcc.o
 .text.RCC_AHB2PeriphClockCmd
                0x00000000       0x40 ..\obj\stm32f4xx_rcc.o
 .text.RCC_AHB3PeriphClockCmd
                0x00000000       0x40 ..\obj\stm32f4xx_rcc.o
 .text.RCC_AHB1PeriphResetCmd
                0x00000000       0x40 ..\obj\stm32f4xx_rcc.o
 .text.RCC_AHB2PeriphResetCmd
                0x00000000       0x40 ..\obj\stm32f4xx_rcc.o
 .text.RCC_AHB3PeriphResetCmd
                0x00000000       0x40 ..\obj\stm32f4xx_rcc.o
 .text.RCC_APB1PeriphResetCmd
                0x00000000       0x40 ..\obj\stm32f4xx_rcc.o
 .text.RCC_APB2PeriphResetCmd
                0x00000000       0x40 ..\obj\stm32f4xx_rcc.o
 .text.RCC_AHB1PeriphClockLPModeCmd
                0x00000000       0x40 ..\obj\stm32f4xx_rcc.o
 .text.RCC_AHB2PeriphClockLPModeCmd
                0x00000000       0x40 ..\obj\stm32f4xx_rcc.o
 .text.RCC_AHB3PeriphClockLPModeCmd
                0x00000000       0x40 ..\obj\stm32f4xx_rcc.o
 .text.RCC_APB1PeriphClockLPModeCmd
                0x00000000       0x40 ..\obj\stm32f4xx_rcc.o
 .text.RCC_APB2PeriphClockLPModeCmd
                0x00000000       0x40 ..\obj\stm32f4xx_rcc.o
 .text.RCC_ITConfig
                0x00000000       0x4c ..\obj\stm32f4xx_rcc.o
 .text.RCC_GetFlagStatus
                0x00000000       0x74 ..\obj\stm32f4xx_rcc.o
 .text.RCC_ClearFlag
                0x00000000       0x20 ..\obj\stm32f4xx_rcc.o
 .text.RCC_GetITStatus
                0x00000000       0x38 ..\obj\stm32f4xx_rcc.o
 .text.RCC_ClearITPendingBit
                0x00000000       0x20 ..\obj\stm32f4xx_rcc.o
 .text          0x00000000        0x0 ..\obj\Delay.o
 .data          0x00000000        0x0 ..\obj\Delay.o
 .text.Delay_Ms
                0x00000000       0x28 ..\obj\Delay.o
 .text.Millis   0x00000000       0x18 ..\obj\Delay.o
 .text          0x00000000        0x0 ..\obj\Serial2.o
 .data          0x00000000        0x0 ..\obj\Serial2.o
 .text.Serial2_Buffer_Get
                0x00000000       0x40 ..\obj\Serial2.o
 .text.Serial2_Buffer_Count
                0x00000000       0x24 ..\obj\Serial2.o
 .text.Serial2_WriteBytes
                0x00000000       0x50 ..\obj\Serial2.o
 .text.Serial2_WriteWords
                0x00000000       0x78 ..\obj\Serial2.o
 .text.Serial2_Print
                0x00000000       0x50 ..\obj\Serial2.o
 .text.Serial2_Println
                0x00000000       0x80 ..\obj\Serial2.o
 .text          0x00000000        0x0 ..\obj\printf.o
 .data          0x00000000      0x42c ..\obj\printf.o
 .bss           0x00000000        0x0 ..\obj\printf.o
 .text.PrintChar
                0x00000000       0x18 ..\obj\printf.o
 .text.PutChar  0x00000000       0x20 ..\obj\printf.o
 .text.PutString
                0x00000000       0x3c ..\obj\printf.o
 .text.PutUnsignedInt
                0x00000000       0x9c ..\obj\printf.o
 .text.PutSignedInt
                0x00000000       0xf8 ..\obj\printf.o
 .text.PutHexa  0x00000000       0xd4 ..\obj\printf.o
 .text.vsnprintf
                0x00000000      0x254 ..\obj\printf.o
 .text.snprintf
                0x00000000       0x30 ..\obj\printf.o
 .text.vsprintf
                0x00000000       0x24 ..\obj\printf.o
 .rodata        0x00000000       0x24 ..\obj\printf.o
 .text.vfprintf
                0x00000000       0x68 ..\obj\printf.o
 .text.vprintf  0x00000000       0x28 ..\obj\printf.o
 .text.fprintf  0x00000000       0x2c ..\obj\printf.o
 .text.printf   0x00000000       0x28 ..\obj\printf.o
 .text.sprintf  0x00000000       0x2c ..\obj\printf.o
 .text.puts     0x00000000       0x24 ..\obj\printf.o
 .text.fputc    0x00000000       0x40 ..\obj\printf.o
 .text.fputs    0x00000000       0x48 ..\obj\printf.o
 .debug_info    0x00000000      0xe4a ..\obj\printf.o
 .debug_abbrev  0x00000000      0x287 ..\obj\printf.o
 .debug_aranges
                0x00000000       0xa0 ..\obj\printf.o
 .debug_ranges  0x00000000       0x90 ..\obj\printf.o
 .debug_line    0x00000000      0x382 ..\obj\printf.o
 .debug_str     0x00000000      0x6b3 ..\obj\printf.o
 .comment       0x00000000       0x6f ..\obj\printf.o
 .debug_frame   0x00000000      0x2dc ..\obj\printf.o
 .ARM.attributes
                0x00000000       0x39 ..\obj\printf.o
 .text          0x00000000        0x0 ..\obj\stm32f4xx_gpio.o
 .data          0x00000000        0x0 ..\obj\stm32f4xx_gpio.o
 .bss           0x00000000        0x0 ..\obj\stm32f4xx_gpio.o
 .text.GPIO_DeInit
                0x00000000      0x120 ..\obj\stm32f4xx_gpio.o
 .text.GPIO_StructInit
                0x00000000       0x34 ..\obj\stm32f4xx_gpio.o
 .text.GPIO_PinLockConfig
                0x00000000       0x44 ..\obj\stm32f4xx_gpio.o
 .text.GPIO_ReadInputDataBit
                0x00000000       0x34 ..\obj\stm32f4xx_gpio.o
 .text.GPIO_ReadInputData
                0x00000000       0x1c ..\obj\stm32f4xx_gpio.o
 .text.GPIO_ReadOutputDataBit
                0x00000000       0x34 ..\obj\stm32f4xx_gpio.o
 .text.GPIO_ReadOutputData
                0x00000000       0x1c ..\obj\stm32f4xx_gpio.o
 .text.GPIO_SetBits
                0x00000000       0x20 ..\obj\stm32f4xx_gpio.o
 .text.GPIO_ResetBits
                0x00000000       0x20 ..\obj\stm32f4xx_gpio.o
 .text.GPIO_WriteBit
                0x00000000       0x30 ..\obj\stm32f4xx_gpio.o
 .text.GPIO_Write
                0x00000000       0x20 ..\obj\stm32f4xx_gpio.o
 .text.GPIO_ToggleBits
                0x00000000       0x24 ..\obj\stm32f4xx_gpio.o
 .data          0x00000000        0x0 ..\obj\sh_cmd.o
 .bss           0x00000000        0x0 ..\obj\sh_cmd.o
 .text          0x00000000        0x0 ..\obj\system_stm32f4xx.o
 .data          0x00000000       0x14 ..\obj\system_stm32f4xx.o
 .bss           0x00000000        0x0 ..\obj\system_stm32f4xx.o
 .text.SystemInit
                0x00000000       0x6c ..\obj\system_stm32f4xx.o
 .text.SystemCoreClockUpdate
                0x00000000       0xfc ..\obj\system_stm32f4xx.o
 .text.SetSysClock
                0x00000000       0xf8 ..\obj\system_stm32f4xx.o
 .debug_info    0x00000000      0x5c5 ..\obj\system_stm32f4xx.o
 .debug_abbrev  0x00000000      0x138 ..\obj\system_stm32f4xx.o
 .debug_aranges
                0x00000000       0x30 ..\obj\system_stm32f4xx.o
 .debug_ranges  0x00000000       0x20 ..\obj\system_stm32f4xx.o
 .debug_line    0x00000000      0x21a ..\obj\system_stm32f4xx.o
 .debug_str     0x00000000      0x3d9 ..\obj\system_stm32f4xx.o
 .comment       0x00000000       0x6f ..\obj\system_stm32f4xx.o
 .debug_frame   0x00000000       0x7c ..\obj\system_stm32f4xx.o
 .ARM.attributes
                0x00000000       0x39 ..\obj\system_stm32f4xx.o
 .text          0x00000000        0x0 ..\obj\syscalls.o
 .data          0x00000000        0x0 ..\obj\syscalls.o
 .bss           0x00000000        0x4 ..\obj\syscalls.o
 .text._sbrk    0x00000000       0x40 ..\obj\syscalls.o
 .text.link     0x00000000       0x1c ..\obj\syscalls.o
 .text._close   0x00000000       0x18 ..\obj\syscalls.o
 .text._fstat   0x00000000       0x20 ..\obj\syscalls.o
 .text._isatty  0x00000000       0x18 ..\obj\syscalls.o
 .text._lseek   0x00000000       0x1c ..\obj\syscalls.o
 .text._read    0x00000000       0x1c ..\obj\syscalls.o
 .text._write   0x00000000       0x1c ..\obj\syscalls.o
 .text.abort    0x00000000        0x8 ..\obj\syscalls.o
 .debug_info    0x00000000      0x458 ..\obj\syscalls.o
 .debug_abbrev  0x00000000       0xe5 ..\obj\syscalls.o
 .debug_aranges
                0x00000000       0x60 ..\obj\syscalls.o
 .debug_ranges  0x00000000       0x50 ..\obj\syscalls.o
 .debug_line    0x00000000      0x1fd ..\obj\syscalls.o
 .debug_str     0x00000000      0x372 ..\obj\syscalls.o
 .comment       0x00000000       0x6f ..\obj\syscalls.o
 .debug_frame   0x00000000      0x168 ..\obj\syscalls.o
 .ARM.attributes
                0x00000000       0x39 ..\obj\syscalls.o
 .text          0x00000000        0x0 ..\obj\stm32f4xx_dma.o
 .data          0x00000000        0x0 ..\obj\stm32f4xx_dma.o
 .bss           0x00000000        0x0 ..\obj\stm32f4xx_dma.o
 .text.DMA_DeInit
                0x00000000      0x1a8 ..\obj\stm32f4xx_dma.o
 .text.DMA_Init
                0x00000000       0xb0 ..\obj\stm32f4xx_dma.o
 .text.DMA_StructInit
                0x00000000       0x70 ..\obj\stm32f4xx_dma.o
 .text.DMA_Cmd  0x00000000       0x38 ..\obj\stm32f4xx_dma.o
 .text.DMA_PeriphIncOffsetSizeConfig
                0x00000000       0x38 ..\obj\stm32f4xx_dma.o
 .text.DMA_FlowControllerConfig
                0x00000000       0x38 ..\obj\stm32f4xx_dma.o
 .text.DMA_SetCurrDataCounter
                0x00000000       0x20 ..\obj\stm32f4xx_dma.o
 .text.DMA_GetCurrDataCounter
                0x00000000       0x1c ..\obj\stm32f4xx_dma.o
 .text.DMA_DoubleBufferModeConfig
                0x00000000       0x40 ..\obj\stm32f4xx_dma.o
 .text.DMA_DoubleBufferModeCmd
                0x00000000       0x38 ..\obj\stm32f4xx_dma.o
 .text.DMA_MemoryTargetConfig
                0x00000000       0x2c ..\obj\stm32f4xx_dma.o
 .text.DMA_GetCurrentMemoryTarget
                0x00000000       0x30 ..\obj\stm32f4xx_dma.o
 .text.DMA_GetCmdStatus
                0x00000000       0x30 ..\obj\stm32f4xx_dma.o
 .text.DMA_GetFIFOStatus
                0x00000000       0x24 ..\obj\stm32f4xx_dma.o
 .text.DMA_GetFlagStatus
                0x00000000       0x78 ..\obj\stm32f4xx_dma.o
 .text.DMA_ClearFlag
                0x00000000       0x5c ..\obj\stm32f4xx_dma.o
 .text.DMA_ITConfig
                0x00000000       0x74 ..\obj\stm32f4xx_dma.o
 .text.DMA_GetITStatus
                0x00000000       0xb0 ..\obj\stm32f4xx_dma.o
 .text.DMA_ClearITPendingBit
                0x00000000       0x5c ..\obj\stm32f4xx_dma.o
 .debug_info    0x00000000      0x741 ..\obj\stm32f4xx_dma.o
 .debug_abbrev  0x00000000      0x157 ..\obj\stm32f4xx_dma.o
 .debug_aranges
                0x00000000       0xb0 ..\obj\stm32f4xx_dma.o
 .debug_ranges  0x00000000       0xa0 ..\obj\stm32f4xx_dma.o
 .debug_line    0x00000000      0x47a ..\obj\stm32f4xx_dma.o
 .debug_str     0x00000000      0x571 ..\obj\stm32f4xx_dma.o
 .comment       0x00000000       0x6f ..\obj\stm32f4xx_dma.o
 .debug_frame   0x00000000      0x308 ..\obj\stm32f4xx_dma.o
 .ARM.attributes
                0x00000000       0x39 ..\obj\stm32f4xx_dma.o
 .text          0x00000000        0x0 ..\obj\Serial.o
 .data          0x00000000        0x0 ..\obj\Serial.o
 .text.Serial_Buffer_Clear
                0x00000000       0x24 ..\obj\Serial.o
 .text.Serial_Buffer_Count
                0x00000000       0x24 ..\obj\Serial.o
 .text.Serial_WriteByte
                0x00000000       0x34 ..\obj\Serial.o
 .text.Serial_WriteBytes
                0x00000000       0x50 ..\obj\Serial.o
 .text.Serial_WriteWords
                0x00000000       0x78 ..\obj\Serial.o
 .text.Serial_Print
                0x00000000       0x50 ..\obj\Serial.o
 .text          0x00000000        0x0 ..\obj\stm32f4xx_i2c.o
 .data          0x00000000        0x0 ..\obj\stm32f4xx_i2c.o
 .bss           0x00000000        0x0 ..\obj\stm32f4xx_i2c.o
 .text.I2C_DeInit
                0x00000000       0x74 ..\obj\stm32f4xx_i2c.o
 .text.I2C_Init
                0x00000000      0x184 ..\obj\stm32f4xx_i2c.o
 .text.I2C_StructInit
                0x00000000       0x40 ..\obj\stm32f4xx_i2c.o
 .text.I2C_Cmd  0x00000000       0x40 ..\obj\stm32f4xx_i2c.o
 .text.I2C_GenerateSTART
                0x00000000       0x40 ..\obj\stm32f4xx_i2c.o
 .text.I2C_GenerateSTOP
                0x00000000       0x40 ..\obj\stm32f4xx_i2c.o
 .text.I2C_Send7bitAddress
                0x00000000       0x3c ..\obj\stm32f4xx_i2c.o
 .text.I2C_AcknowledgeConfig
                0x00000000       0x40 ..\obj\stm32f4xx_i2c.o
 .text.I2C_OwnAddress2Config
                0x00000000       0x44 ..\obj\stm32f4xx_i2c.o
 .text.I2C_DualAddressCmd
                0x00000000       0x40 ..\obj\stm32f4xx_i2c.o
 .text.I2C_GeneralCallCmd
                0x00000000       0x40 ..\obj\stm32f4xx_i2c.o
 .text.I2C_SoftwareResetCmd
                0x00000000       0x44 ..\obj\stm32f4xx_i2c.o
 .text.I2C_StretchClockCmd
                0x00000000       0x40 ..\obj\stm32f4xx_i2c.o
 .text.I2C_FastModeDutyCycleConfig
                0x00000000       0x44 ..\obj\stm32f4xx_i2c.o
 .text.I2C_NACKPositionConfig
                0x00000000       0x44 ..\obj\stm32f4xx_i2c.o
 .text.I2C_SMBusAlertConfig
                0x00000000       0x44 ..\obj\stm32f4xx_i2c.o
 .text.I2C_ARPCmd
                0x00000000       0x40 ..\obj\stm32f4xx_i2c.o
 .text.I2C_SendData
                0x00000000       0x20 ..\obj\stm32f4xx_i2c.o
 .text.I2C_ReceiveData
                0x00000000       0x1c ..\obj\stm32f4xx_i2c.o
 .text.I2C_TransmitPEC
                0x00000000       0x40 ..\obj\stm32f4xx_i2c.o
 .text.I2C_PECPositionConfig
                0x00000000       0x44 ..\obj\stm32f4xx_i2c.o
 .text.I2C_CalculatePEC
                0x00000000       0x40 ..\obj\stm32f4xx_i2c.o
 .text.I2C_GetPEC
                0x00000000       0x20 ..\obj\stm32f4xx_i2c.o
 .text.I2C_DMACmd
                0x00000000       0x40 ..\obj\stm32f4xx_i2c.o
 .text.I2C_DMALastTransferCmd
                0x00000000       0x40 ..\obj\stm32f4xx_i2c.o
 .text.I2C_ReadRegister
                0x00000000       0x30 ..\obj\stm32f4xx_i2c.o
 .text.I2C_ITConfig
                0x00000000       0x48 ..\obj\stm32f4xx_i2c.o
 .text.I2C_CheckEvent
                0x00000000       0x60 ..\obj\stm32f4xx_i2c.o
 .text.I2C_GetLastEvent
                0x00000000       0x44 ..\obj\stm32f4xx_i2c.o
 .text.I2C_GetFlagStatus
                0x00000000       0x68 ..\obj\stm32f4xx_i2c.o
 .text.I2C_ClearFlag
                0x00000000       0x30 ..\obj\stm32f4xx_i2c.o
 .text.I2C_GetITStatus
                0x00000000       0x5c ..\obj\stm32f4xx_i2c.o
 .text.I2C_ClearITPendingBit
                0x00000000       0x30 ..\obj\stm32f4xx_i2c.o
 .debug_info    0x00000000      0xb00 ..\obj\stm32f4xx_i2c.o
 .debug_abbrev  0x00000000      0x166 ..\obj\stm32f4xx_i2c.o
 .debug_aranges
                0x00000000      0x120 ..\obj\stm32f4xx_i2c.o
 .debug_ranges  0x00000000      0x110 ..\obj\stm32f4xx_i2c.o
 .debug_line    0x00000000      0x53b ..\obj\stm32f4xx_i2c.o
 .debug_str     0x00000000      0x694 ..\obj\stm32f4xx_i2c.o
 .comment       0x00000000       0x6f ..\obj\stm32f4xx_i2c.o
 .debug_frame   0x00000000      0x530 ..\obj\stm32f4xx_i2c.o
 .ARM.attributes
                0x00000000       0x39 ..\obj\stm32f4xx_i2c.o
 .text          0x00000000        0x0 ..\obj\misc.o
 .data          0x00000000        0x0 ..\obj\misc.o
 .bss           0x00000000        0x0 ..\obj\misc.o
 .text.NVIC_PriorityGroupConfig
                0x00000000       0x28 ..\obj\misc.o
 .text.NVIC_SetVectorTable
                0x00000000       0x2c ..\obj\misc.o
 .text.NVIC_SystemLPConfig
                0x00000000       0x44 ..\obj\misc.o
 .text.SysTick_CLKSourceConfig
                0x00000000       0x38 ..\obj\misc.o
 .text          0x00000000        0x0 ..\obj\stm32f4xx_tim.o
 .data          0x00000000        0x0 ..\obj\stm32f4xx_tim.o
 .bss           0x00000000        0x0 ..\obj\stm32f4xx_tim.o
 .text.TIM_DeInit
                0x00000000      0x1c0 ..\obj\stm32f4xx_tim.o
 .text.TIM_TimeBaseInit
                0x00000000       0xd8 ..\obj\stm32f4xx_tim.o
 .text.TIM_TimeBaseStructInit
                0x00000000       0x34 ..\obj\stm32f4xx_tim.o
 .text.TIM_PrescalerConfig
                0x00000000       0x28 ..\obj\stm32f4xx_tim.o
 .text.TIM_CounterModeConfig
                0x00000000       0x38 ..\obj\stm32f4xx_tim.o
 .text.TIM_SetCounter
                0x00000000       0x1c ..\obj\stm32f4xx_tim.o
 .text.TIM_SetAutoreload
                0x00000000       0x1c ..\obj\stm32f4xx_tim.o
 .text.TIM_GetCounter
                0x00000000       0x18 ..\obj\stm32f4xx_tim.o
 .text.TIM_GetPrescaler
                0x00000000       0x1c ..\obj\stm32f4xx_tim.o
 .text.TIM_UpdateDisableConfig
                0x00000000       0x40 ..\obj\stm32f4xx_tim.o
 .text.TIM_UpdateRequestConfig
                0x00000000       0x40 ..\obj\stm32f4xx_tim.o
 .text.TIM_ARRPreloadConfig
                0x00000000       0x40 ..\obj\stm32f4xx_tim.o
 .text.TIM_SelectOnePulseMode
                0x00000000       0x38 ..\obj\stm32f4xx_tim.o
 .text.TIM_SetClockDivision
                0x00000000       0x38 ..\obj\stm32f4xx_tim.o
 .text.TIM_Cmd  0x00000000       0x40 ..\obj\stm32f4xx_tim.o
 .text.TIM_OC1Init
                0x00000000       0xf4 ..\obj\stm32f4xx_tim.o
 .text.TIM_OC2Init
                0x00000000      0x110 ..\obj\stm32f4xx_tim.o
 .text.TIM_OC3Init
                0x00000000      0x10c ..\obj\stm32f4xx_tim.o
 .text.TIM_OC4Init
                0x00000000       0xd0 ..\obj\stm32f4xx_tim.o
 .text.TIM_OCStructInit
                0x00000000       0x44 ..\obj\stm32f4xx_tim.o
 .text.TIM_SelectOCxM
                0x00000000       0xb4 ..\obj\stm32f4xx_tim.o
 .text.TIM_SetCompare1
                0x00000000       0x1c ..\obj\stm32f4xx_tim.o
 .text.TIM_SetCompare2
                0x00000000       0x1c ..\obj\stm32f4xx_tim.o
 .text.TIM_SetCompare3
                0x00000000       0x1c ..\obj\stm32f4xx_tim.o
 .text.TIM_SetCompare4
                0x00000000       0x1c ..\obj\stm32f4xx_tim.o
 .text.TIM_ForcedOC1Config
                0x00000000       0x38 ..\obj\stm32f4xx_tim.o
 .text.TIM_ForcedOC2Config
                0x00000000       0x3c ..\obj\stm32f4xx_tim.o
 .text.TIM_ForcedOC3Config
                0x00000000       0x38 ..\obj\stm32f4xx_tim.o
 .text.TIM_ForcedOC4Config
                0x00000000       0x3c ..\obj\stm32f4xx_tim.o
 .text.TIM_OC1PreloadConfig
                0x00000000       0x38 ..\obj\stm32f4xx_tim.o
 .text.TIM_OC2PreloadConfig
                0x00000000       0x3c ..\obj\stm32f4xx_tim.o
 .text.TIM_OC3PreloadConfig
                0x00000000       0x38 ..\obj\stm32f4xx_tim.o
 .text.TIM_OC4PreloadConfig
                0x00000000       0x3c ..\obj\stm32f4xx_tim.o
 .text.TIM_OC1FastConfig
                0x00000000       0x38 ..\obj\stm32f4xx_tim.o
 .text.TIM_OC2FastConfig
                0x00000000       0x3c ..\obj\stm32f4xx_tim.o
 .text.TIM_OC3FastConfig
                0x00000000       0x38 ..\obj\stm32f4xx_tim.o
 .text.TIM_OC4FastConfig
                0x00000000       0x3c ..\obj\stm32f4xx_tim.o
 .text.TIM_ClearOC1Ref
                0x00000000       0x38 ..\obj\stm32f4xx_tim.o
 .text.TIM_ClearOC2Ref
                0x00000000       0x3c ..\obj\stm32f4xx_tim.o
 .text.TIM_ClearOC3Ref
                0x00000000       0x38 ..\obj\stm32f4xx_tim.o
 .text.TIM_ClearOC4Ref
                0x00000000       0x3c ..\obj\stm32f4xx_tim.o
 .text.TIM_OC1PolarityConfig
                0x00000000       0x38 ..\obj\stm32f4xx_tim.o
 .text.TIM_OC1NPolarityConfig
                0x00000000       0x38 ..\obj\stm32f4xx_tim.o
 .text.TIM_OC2PolarityConfig
                0x00000000       0x3c ..\obj\stm32f4xx_tim.o
 .text.TIM_OC2NPolarityConfig
                0x00000000       0x3c ..\obj\stm32f4xx_tim.o
 .text.TIM_OC3PolarityConfig
                0x00000000       0x3c ..\obj\stm32f4xx_tim.o
 .text.TIM_OC3NPolarityConfig
                0x00000000       0x3c ..\obj\stm32f4xx_tim.o
 .text.TIM_OC4PolarityConfig
                0x00000000       0x3c ..\obj\stm32f4xx_tim.o
 .text.TIM_CCxCmd
                0x00000000       0x58 ..\obj\stm32f4xx_tim.o
 .text.TIM_CCxNCmd
                0x00000000       0x58 ..\obj\stm32f4xx_tim.o
 .text.TIM_ICInit
                0x00000000       0xa8 ..\obj\stm32f4xx_tim.o
 .text.TIM_ICStructInit
                0x00000000       0x34 ..\obj\stm32f4xx_tim.o
 .text.TIM_PWMIConfig
                0x00000000       0xb8 ..\obj\stm32f4xx_tim.o
 .text.TIM_GetCapture1
                0x00000000       0x18 ..\obj\stm32f4xx_tim.o
 .text.TIM_GetCapture2
                0x00000000       0x18 ..\obj\stm32f4xx_tim.o
 .text.TIM_GetCapture3
                0x00000000       0x18 ..\obj\stm32f4xx_tim.o
 .text.TIM_GetCapture4
                0x00000000       0x18 ..\obj\stm32f4xx_tim.o
 .text.TIM_SetIC1Prescaler
                0x00000000       0x38 ..\obj\stm32f4xx_tim.o
 .text.TIM_SetIC2Prescaler
                0x00000000       0x3c ..\obj\stm32f4xx_tim.o
 .text.TIM_SetIC3Prescaler
                0x00000000       0x38 ..\obj\stm32f4xx_tim.o
 .text.TIM_SetIC4Prescaler
                0x00000000       0x3c ..\obj\stm32f4xx_tim.o
 .text.TIM_BDTRConfig
                0x00000000       0x50 ..\obj\stm32f4xx_tim.o
 .text.TIM_BDTRStructInit
                0x00000000       0x40 ..\obj\stm32f4xx_tim.o
 .text.TIM_CtrlPWMOutputs
                0x00000000       0x4c ..\obj\stm32f4xx_tim.o
 .text.TIM_SelectCOM
                0x00000000       0x40 ..\obj\stm32f4xx_tim.o
 .text.TIM_CCPreloadControl
                0x00000000       0x40 ..\obj\stm32f4xx_tim.o
 .text.TIM_ITConfig
                0x00000000       0x48 ..\obj\stm32f4xx_tim.o
 .text.TIM_GenerateEvent
                0x00000000       0x20 ..\obj\stm32f4xx_tim.o
 .text.TIM_GetFlagStatus
                0x00000000       0x38 ..\obj\stm32f4xx_tim.o
 .text.TIM_ClearFlag
                0x00000000       0x24 ..\obj\stm32f4xx_tim.o
 .text.TIM_GetITStatus
                0x00000000       0x54 ..\obj\stm32f4xx_tim.o
 .text.TIM_ClearITPendingBit
                0x00000000       0x24 ..\obj\stm32f4xx_tim.o
 .text.TIM_DMAConfig
                0x00000000       0x2c ..\obj\stm32f4xx_tim.o
 .text.TIM_DMACmd
                0x00000000       0x48 ..\obj\stm32f4xx_tim.o
 .text.TIM_SelectCCDMA
                0x00000000       0x40 ..\obj\stm32f4xx_tim.o
 .text.TIM_InternalClockConfig
                0x00000000       0x24 ..\obj\stm32f4xx_tim.o
 .text.TIM_ITRxExternalClockConfig
                0x00000000       0x30 ..\obj\stm32f4xx_tim.o
 .text.TIM_TIxExternalClockConfig
                0x00000000       0x5c ..\obj\stm32f4xx_tim.o
 .text.TIM_ETRClockMode1Config
                0x00000000       0x60 ..\obj\stm32f4xx_tim.o
 .text.TIM_ETRClockMode2Config
                0x00000000       0x40 ..\obj\stm32f4xx_tim.o
 .text.TIM_SelectInputTrigger
                0x00000000       0x38 ..\obj\stm32f4xx_tim.o
 .text.TIM_SelectOutputTrigger
                0x00000000       0x38 ..\obj\stm32f4xx_tim.o
 .text.TIM_SelectSlaveMode
                0x00000000       0x38 ..\obj\stm32f4xx_tim.o
 .text.TIM_SelectMasterSlaveMode
                0x00000000       0x38 ..\obj\stm32f4xx_tim.o
 .text.TIM_ETRConfig
                0x00000000       0x54 ..\obj\stm32f4xx_tim.o
 .text.TIM_EncoderInterfaceConfig
                0x00000000       0x98 ..\obj\stm32f4xx_tim.o
 .text.TIM_SelectHallSensor
                0x00000000       0x40 ..\obj\stm32f4xx_tim.o
 .text.TIM_RemapConfig
                0x00000000       0x20 ..\obj\stm32f4xx_tim.o
 .text.TI1_Config
                0x00000000       0x88 ..\obj\stm32f4xx_tim.o
 .text.TI2_Config
                0x00000000       0x9c ..\obj\stm32f4xx_tim.o
 .text.TI3_Config
                0x00000000       0x90 ..\obj\stm32f4xx_tim.o
 .text.TI4_Config
                0x00000000       0xa0 ..\obj\stm32f4xx_tim.o
 .debug_info    0x00000000     0x1c69 ..\obj\stm32f4xx_tim.o
 .debug_abbrev  0x00000000      0x189 ..\obj\stm32f4xx_tim.o
 .debug_aranges
                0x00000000      0x2f8 ..\obj\stm32f4xx_tim.o
 .debug_ranges  0x00000000      0x2e8 ..\obj\stm32f4xx_tim.o
 .debug_line    0x00000000      0xb11 ..\obj\stm32f4xx_tim.o
 .debug_str     0x00000000      0xdff ..\obj\stm32f4xx_tim.o
 .comment       0x00000000       0x6f ..\obj\stm32f4xx_tim.o
 .debug_frame   0x00000000      0xe54 ..\obj\stm32f4xx_tim.o
 .ARM.attributes
                0x00000000       0x39 ..\obj\stm32f4xx_tim.o

Memory Configuration

Name             Origin             Length             Attributes
rom              0x08000000         0x00100000         xr
ram              0x20000000         0x00020000         xrw
ram1             0x10000000         0x00010000         xrw
*default*        0x00000000         0xffffffff

Linker script and memory map

                0x20020000                _eram = 0x20020000

.text           0x08000000      0xf61
 *(.isr_vector)
 .isr_vector    0x08000000      0x188 ..\obj\startup_stm32f4xx.o
                0x08000000                g_pfnVectors
 *(.text*)
 .text.USART_Init
                0x08000188      0x174 ..\obj\stm32f4xx_usart.o
                0x08000188                USART_Init
 .text.USART_Cmd
                0x080002fc       0x40 ..\obj\stm32f4xx_usart.o
                0x080002fc                USART_Cmd
 .text.USART_SendData
                0x0800033c       0x24 ..\obj\stm32f4xx_usart.o
                0x0800033c                USART_SendData
 .text.USART_ReceiveData
                0x08000360       0x20 ..\obj\stm32f4xx_usart.o
                0x08000360                USART_ReceiveData
 .text.USART_ITConfig
                0x08000380       0x90 ..\obj\stm32f4xx_usart.o
                0x08000380                USART_ITConfig
 .text.USART_GetFlagStatus
                0x08000410       0x38 ..\obj\stm32f4xx_usart.o
                0x08000410                USART_GetFlagStatus
 .text.USART_GetITStatus
                0x08000448       0xb8 ..\obj\stm32f4xx_usart.o
                0x08000448                USART_GetITStatus
 .text.Default_Reset_Handler
                0x08000500       0x6c ..\obj\startup_stm32f4xx.o
                0x08000500                Default_Reset_Handler
                0x08000500                Reset_Handler
 .text.Default_Handler
                0x0800056c        0x8 ..\obj\startup_stm32f4xx.o
                0x0800056c                RTC_Alarm_IRQHandler
                0x0800056c                HASH_RNG_IRQHandler
                0x0800056c                EXTI2_IRQHandler
                0x0800056c                TIM8_CC_IRQHandler
                0x0800056c                DebugMon_Handler
                0x0800056c                TIM1_CC_IRQHandler
                0x0800056c                DMA2_Stream5_IRQHandler
                0x0800056c                DMA1_Stream5_IRQHandler
                0x0800056c                PVD_IRQHandler
                0x0800056c                SDIO_IRQHandler
                0x0800056c                TAMP_STAMP_IRQHandler
                0x0800056c                PendSV_Handler
                0x0800056c                NMI_Handler
                0x0800056c                CAN2_RX1_IRQHandler
                0x0800056c                EXTI3_IRQHandler
                0x0800056c                TIM8_TRG_COM_TIM14_IRQHandler
                0x0800056c                TIM1_UP_TIM10_IRQHandler
                0x0800056c                TIM8_UP_TIM13_IRQHandler
                0x0800056c                I2C3_ER_IRQHandler
                0x0800056c                EXTI0_IRQHandler
                0x0800056c                I2C2_EV_IRQHandler
                0x0800056c                DMA1_Stream2_IRQHandler
                0x0800056c                CAN1_RX0_IRQHandler
                0x0800056c                FPU_IRQHandler
                0x0800056c                OTG_HS_WKUP_IRQHandler
                0x0800056c                UsageFault_Handler
                0x0800056c                CAN2_SCE_IRQHandler
                0x0800056c                DMA2_Stream2_IRQHandler
                0x0800056c                SPI1_IRQHandler
                0x0800056c                TIM6_DAC_IRQHandler
                0x0800056c                TIM1_BRK_TIM9_IRQHandler
                0x0800056c                DCMI_IRQHandler
                0x0800056c                CAN2_RX0_IRQHandler
                0x0800056c                DMA2_Stream3_IRQHandler
                0x0800056c                USART6_IRQHandler
                0x0800056c                USART3_IRQHandler
                0x0800056c                CRYP_IRQHandler
                0x0800056c                CAN1_RX1_IRQHandler
                0x0800056c                UART5_IRQHandler
                0x0800056c                DMA2_Stream0_IRQHandler
                0x0800056c                TIM4_IRQHandler
                0x0800056c                I2C1_EV_IRQHandler
                0x0800056c                DMA1_Stream6_IRQHandler
                0x0800056c                DMA1_Stream1_IRQHandler
                0x0800056c                UART4_IRQHandler
                0x0800056c                TIM3_IRQHandler
                0x0800056c                RCC_IRQHandler
                0x0800056c                TIM8_BRK_TIM12_IRQHandler
                0x0800056c                EXTI15_10_IRQHandler
                0x0800056c                ADC_IRQHandler
                0x0800056c                DMA1_Stream7_IRQHandler
                0x0800056c                TIM7_IRQHandler
                0x0800056c                CAN2_TX_IRQHandler
                0x0800056c                TIM5_IRQHandler
                0x0800056c                DMA2_Stream7_IRQHandler
                0x0800056c                I2C3_EV_IRQHandler
                0x0800056c                EXTI9_5_IRQHandler
                0x0800056c                RTC_WKUP_IRQHandler
                0x0800056c                ETH_WKUP_IRQHandler
                0x0800056c                SPI2_IRQHandler
                0x0800056c                OTG_HS_EP1_IN_IRQHandler
                0x0800056c                MemManage_Handler
                0x0800056c                DMA1_Stream0_IRQHandler
                0x0800056c                CAN1_TX_IRQHandler
                0x0800056c                SVC_Handler
                0x0800056c                EXTI4_IRQHandler
                0x0800056c                FSMC_IRQHandler
                0x0800056c                ETH_IRQHandler
                0x0800056c                OTG_HS_EP1_OUT_IRQHandler
                0x0800056c                WWDG_IRQHandler
                0x0800056c                TIM2_IRQHandler
                0x0800056c                OTG_FS_WKUP_IRQHandler
                0x0800056c                TIM1_TRG_COM_TIM11_IRQHandler
                0x0800056c                OTG_HS_IRQHandler
                0x0800056c                EXTI1_IRQHandler
                0x0800056c                I2C2_ER_IRQHandler
                0x0800056c                DMA2_Stream1_IRQHandler
                0x0800056c                CAN1_SCE_IRQHandler
                0x0800056c                FLASH_IRQHandler
                0x0800056c                DMA2_Stream4_IRQHandler
                0x0800056c                BusFault_Handler
                0x0800056c                OTG_FS_IRQHandler
                0x0800056c                SPI3_IRQHandler
                0x0800056c                DMA1_Stream4_IRQHandler
                0x0800056c                I2C1_ER_IRQHandler
                0x0800056c                DMA2_Stream6_IRQHandler
                0x0800056c                DMA1_Stream3_IRQHandler
 .text.NVIC_SetPriority
                0x08000574       0x54 ..\obj\main.o
 .text.SysTick_Config
                0x080005c8       0x44 ..\obj\main.o
 .text.main     0x0800060c       0x38 ..\obj\main.o
                0x0800060c                main
 .text.SyncUp   0x08000644       0x74 ..\obj\main.o
                0x08000644                SyncUp
 .text.RCC_GetClocksFreq
                0x080006b8      0x154 ..\obj\stm32f4xx_rcc.o
                0x080006b8                RCC_GetClocksFreq
 .text.RCC_AHB1PeriphClockCmd
                0x0800080c       0x40 ..\obj\stm32f4xx_rcc.o
                0x0800080c                RCC_AHB1PeriphClockCmd
 .text.RCC_APB1PeriphClockCmd
                0x0800084c       0x40 ..\obj\stm32f4xx_rcc.o
                0x0800084c                RCC_APB1PeriphClockCmd
 .text.RCC_APB2PeriphClockCmd
                0x0800088c       0x40 ..\obj\stm32f4xx_rcc.o
                0x0800088c                RCC_APB2PeriphClockCmd
 .text.TimingDelay_Decrement
                0x080008cc       0x34 ..\obj\Delay.o
                0x080008cc                TimingDelay_Decrement
 .text.SysTick_Handler
                0x08000900        0xc ..\obj\Delay.o
                0x08000900                SysTick_Handler
 .text.Serial2_Init
                0x0800090c       0xc0 ..\obj\Serial2.o
                0x0800090c                Serial2_Init
 .text.Serial2_NVIC_Config
                0x080009cc       0x28 ..\obj\Serial2.o
                0x080009cc                Serial2_NVIC_Config
 .text.USART2_IRQHandler
                0x080009f4       0x64 ..\obj\Serial2.o
                0x080009f4                USART2_IRQHandler
 .text.Serial2_Buffer_Clear
                0x08000a58       0x24 ..\obj\Serial2.o
                0x08000a58                Serial2_Buffer_Clear
 .text.Serial2_WriteByte
                0x08000a7c       0x34 ..\obj\Serial2.o
                0x08000a7c                Serial2_WriteByte
 .text.GPIO_Init
                0x08000ab0      0x11c ..\obj\stm32f4xx_gpio.o
                0x08000ab0                GPIO_Init
 .text.GPIO_PinAFConfig
                0x08000bcc       0x94 ..\obj\stm32f4xx_gpio.o
                0x08000bcc                GPIO_PinAFConfig
 .text          0x08000c60       0x26 ..\obj\sh_cmd.o
                0x08000c60                SH_DoCommand
                0x08000c72                HardFault_Handler
 *fill*         0x08000c86        0x2 
 .text.Serial_Init
                0x08000c88       0xc0 ..\obj\Serial.o
                0x08000c88                Serial_Init
 .text.Serial_NVIC_Config
                0x08000d48       0x28 ..\obj\Serial.o
                0x08000d48                Serial_NVIC_Config
 .text.USART1_IRQHandler
                0x08000d70       0x68 ..\obj\Serial.o
                0x08000d70                USART1_IRQHandler
 .text.Serial_Buffer_Get
                0x08000dd8       0x40 ..\obj\Serial.o
                0x08000dd8                Serial_Buffer_Get
 .text.Serial_Println
                0x08000e18       0x80 ..\obj\Serial.o
                0x08000e18                Serial_Println
 .text.NVIC_Init
                0x08000e98       0xc4 ..\obj\misc.o
                0x08000e98                NVIC_Init
 *(.init)
 *(.fini)
 *crtbegin.o(.ctors)
 *crtbegin?.o(.ctors)
 *(EXCLUDE_FILE(*crtend.o *crtend?.o) .ctors)
 *(SORT(.ctors.*))
 *(.ctors)
 *crtbegin.o(.dtors)
 *crtbegin?.o(.dtors)
 *(EXCLUDE_FILE(*crtend.o *crtend?.o) .dtors)
 *(SORT(.dtors.*))
 *(.dtors)
 *(.rodata*)
 .rodata        0x08000f5c        0x1 ..\obj\Serial2.o
 *fill*         0x08000f5d        0x3 
 .rodata        0x08000f60        0x1 ..\obj\Serial.o
 *(.eh_fram e*)

.glue_7         0x08000f64        0x0
 .glue_7        0x08000f64        0x0 linker stubs

.glue_7t        0x08000f64        0x0
 .glue_7t       0x08000f64        0x0 linker stubs

.vfp11_veneer   0x08000f64        0x0
 .vfp11_veneer  0x08000f64        0x0 linker stubs

.v4_bx          0x08000f64        0x0
 .v4_bx         0x08000f64        0x0 linker stubs

.iplt           0x08000f64        0x0
 .iplt          0x08000f64        0x0 ..\obj\semihosting.o

.rel.dyn        0x08000f64        0x0
 .rel.iplt      0x08000f64        0x0 ..\obj\semihosting.o

.ARM.extab
 *(.ARM.extab* .gnu.linkonce.armextab.*)
                0x08000f64                __exidx_start = .

.ARM.exidx
 *(.ARM.exidx* .gnu.linkonce.armexidx.*)
                0x08000f64                __exidx_end = .
                0x08000f64                __etext = .
                0x08000f61                _sidata = __etext

.data           0x20000000       0x10 load address 0x08000f61
                0x20000000                __data_start__ = .
                0x20000000                _sdata = __data_start__
 *(vtable)
 *(.data*)
 .data          0x20000000       0x10 ..\obj\stm32f4xx_rcc.o
                0x20000010                . = ALIGN (0x4)
                [!provide]                PROVIDE (__preinit_array_start, .)
 *(.preinit_array)
                [!provide]                PROVIDE (__preinit_array_end, .)
                0x20000010                . = ALIGN (0x4)
                [!provide]                PROVIDE (__init_array_start, .)
 *(SORT(.init_array.*))
 *(.init_array)
                [!provide]                PROVIDE (__init_array_end, .)
                0x20000010                . = ALIGN (0x4)
                [!provide]                PROVIDE (__fini_array_start, .)
 *(SORT(.fini_array.*))
 *(.fini_array)
                [!provide]                PROVIDE (__fini_array_end, .)
 *(.jcr*)
                0x20000010                . = ALIGN (0x4)
                0x20000010                __data_end__ = .
                0x20000010                _edata = __data_end__

.igot.plt       0x20000010        0x0 load address 0x08000f74
 .igot.plt      0x20000010        0x0 ..\obj\semihosting.o

.bss            0x20000010       0xd8 load address 0x08000f74
                0x20000010                . = ALIGN (0x4)
                0x20000010                __bss_start__ = .
                0x20000010                _sbss = __bss_start__
 *(.bss*)
 .bss           0x20000010        0x4 ..\obj\Delay.o
                0x20000010                MillisCounter
 .bss           0x20000014        0x4 ..\obj\Serial2.o
                0x20000014                buffer2WritePos
                0x20000016                buffer2ReadPos
 .bss           0x20000018        0x4 ..\obj\Serial.o
                0x20000018                bufferWritePos
                0x2000001a                bufferReadPos
 *(COMMON)
 COMMON         0x2000001c        0x4 ..\obj\Delay.o
                0x2000001c                TimingDelay
 COMMON         0x20000020       0x64 ..\obj\Serial2.o
                0x20000020                receive2Buffer
 COMMON         0x20000084       0x64 ..\obj\Serial.o
                0x20000084                receiveBuffer
                0x200000e8                . = ALIGN (0x4)
                0x200000e8                __bss_end__ = .
                0x200000e8                _ebss = __bss_end__

.heap           0x200000e8        0x0
                0x200000e8                __end__ = .
                0x200000e8                _end = __end__
                0x200000e8                end = __end__
 *(.heap*)
                0x200000e8                __HeapLimit = .

.co_stack       0x200000e8      0x800 load address 0x0800104c
                0x200000e8                . = ALIGN (0x8)
 *(.co_stack .co_stack.*)
 .co_stack      0x200000e8      0x800 ..\obj\startup_stm32f4xx.o
                0x200000e8                pulStack
                0x20020000                __StackTop = (ORIGIN (ram) + LENGTH (ram))
                0x2001f800                __StackLimit = (__StackTop - SIZEOF (.co_stack))
                [!provide]                PROVIDE (__stack, __StackTop)
                0x00000001                ASSERT ((__StackLimit >= __HeapLimit), region ram  overflowed with stack)
LOAD ..\obj\semihosting.o
LOAD ..\obj\stm32f4xx_usart.o
LOAD ..\obj\startup_stm32f4xx.o
LOAD ..\obj\main.o
LOAD ..\obj\stm32f4xx_rcc.o
LOAD ..\obj\Delay.o
LOAD ..\obj\Serial2.o
LOAD ..\obj\printf.o
LOAD ..\obj\stm32f4xx_gpio.o
LOAD ..\obj\sh_cmd.o
LOAD ..\obj\system_stm32f4xx.o
LOAD ..\obj\syscalls.o
LOAD ..\obj\stm32f4xx_dma.o
LOAD ..\obj\Serial.o
LOAD ..\obj\stm32f4xx_i2c.o
LOAD ..\obj\misc.o
LOAD ..\obj\stm32f4xx_tim.o
START GROUP
LOAD c:/program files (x86)/gnu tools arm embedded/5.4 2016q3/bin/../lib/gcc/arm-none-eabi/5.4.1/armv7e-m/fpu\libgcc.a
LOAD c:/program files (x86)/gnu tools arm embedded/5.4 2016q3/bin/../lib/gcc/arm-none-eabi/5.4.1/../../../../arm-none-eabi/lib/armv7e-m/fpu\libg.a
LOAD c:/program files (x86)/gnu tools arm embedded/5.4 2016q3/bin/../lib/gcc/arm-none-eabi/5.4.1/../../../../arm-none-eabi/lib/armv7e-m/fpu\libc.a
END GROUP
OUTPUT(lidarsee.elf elf32-littlearm)

.debug_info     0x00000000     0x3fe5
 .debug_info    0x00000000      0x9ca ..\obj\stm32f4xx_usart.o
 .debug_info    0x000009ca       0xf2 ..\obj\startup_stm32f4xx.o
 .debug_info    0x00000abc      0x9ef ..\obj\main.o
 .debug_info    0x000014ab      0xc63 ..\obj\stm32f4xx_rcc.o
 .debug_info    0x0000210e      0x12e ..\obj\Delay.o
 .debug_info    0x0000223c      0x8c7 ..\obj\Serial2.o
 .debug_info    0x00002b03      0x61a ..\obj\stm32f4xx_gpio.o
 .debug_info    0x0000311d       0xb8 ..\obj\sh_cmd.o
 .debug_info    0x000031d5      0x8ba ..\obj\Serial.o
 .debug_info    0x00003a8f      0x556 ..\obj\misc.o

.debug_abbrev   0x00000000      0xd88
 .debug_abbrev  0x00000000      0x157 ..\obj\stm32f4xx_usart.o
 .debug_abbrev  0x00000157       0xb0 ..\obj\startup_stm32f4xx.o
 .debug_abbrev  0x00000207      0x239 ..\obj\main.o
 .debug_abbrev  0x00000440      0x1e5 ..\obj\stm32f4xx_rcc.o
 .debug_abbrev  0x00000625       0xd1 ..\obj\Delay.o
 .debug_abbrev  0x000006f6      0x1d3 ..\obj\Serial2.o
 .debug_abbrev  0x000008c9      0x1a7 ..\obj\stm32f4xx_gpio.o
 .debug_abbrev  0x00000a70       0x14 ..\obj\sh_cmd.o
 .debug_abbrev  0x00000a84      0x1bd ..\obj\Serial.o
 .debug_abbrev  0x00000c41      0x147 ..\obj\misc.o

.debug_aranges  0x00000000      0x4f8
 .debug_aranges
                0x00000000      0x100 ..\obj\stm32f4xx_usart.o
 .debug_aranges
                0x00000100       0x28 ..\obj\startup_stm32f4xx.o
 .debug_aranges
                0x00000128       0x58 ..\obj\main.o
 .debug_aranges
                0x00000180      0x178 ..\obj\stm32f4xx_rcc.o
 .debug_aranges
                0x000002f8       0x38 ..\obj\Delay.o
 .debug_aranges
                0x00000330       0x70 ..\obj\Serial2.o
 .debug_aranges
                0x000003a0       0x88 ..\obj\stm32f4xx_gpio.o
 .debug_aranges
                0x00000428       0x20 ..\obj\sh_cmd.o
 .debug_aranges
                0x00000448       0x70 ..\obj\Serial.o
 .debug_aranges
                0x000004b8       0x40 ..\obj\misc.o

.debug_ranges   0x00000000      0x448
 .debug_ranges  0x00000000       0xf0 ..\obj\stm32f4xx_usart.o
 .debug_ranges  0x000000f0       0x18 ..\obj\startup_stm32f4xx.o
 .debug_ranges  0x00000108       0x48 ..\obj\main.o
 .debug_ranges  0x00000150      0x168 ..\obj\stm32f4xx_rcc.o
 .debug_ranges  0x000002b8       0x28 ..\obj\Delay.o
 .debug_ranges  0x000002e0       0x60 ..\obj\Serial2.o
 .debug_ranges  0x00000340       0x78 ..\obj\stm32f4xx_gpio.o
 .debug_ranges  0x000003b8       0x60 ..\obj\Serial.o
 .debug_ranges  0x00000418       0x30 ..\obj\misc.o

.debug_line     0x00000000     0x1eea
 .debug_line    0x00000000      0x509 ..\obj\stm32f4xx_usart.o
 .debug_line    0x00000509       0xad ..\obj\startup_stm32f4xx.o
 .debug_line    0x000005b6      0x37b ..\obj\main.o
 .debug_line    0x00000931      0x5f5 ..\obj\stm32f4xx_rcc.o
 .debug_line    0x00000f26      0x1c3 ..\obj\Delay.o
 .debug_line    0x000010e9      0x39c ..\obj\Serial2.o
 .debug_line    0x00001485      0x3b0 ..\obj\stm32f4xx_gpio.o
 .debug_line    0x00001835       0x8b ..\obj\sh_cmd.o
 .debug_line    0x000018c0      0x39c ..\obj\Serial.o
 .debug_line    0x00001c5c      0x28e ..\obj\misc.o

.debug_str      0x00000000     0x1c5d
 .debug_str     0x00000000      0x643 ..\obj\stm32f4xx_usart.o
                                0x6be (size before relaxing)
 .debug_str     0x00000643       0xbc ..\obj\startup_stm32f4xx.o
                                0x176 (size before relaxing)
 .debug_str     0x000006ff      0x789 ..\obj\main.o
                                0x9c8 (size before relaxing)
 .debug_str     0x00000e88      0x5e4 ..\obj\stm32f4xx_rcc.o
                                0x87f (size before relaxing)
 .debug_str     0x0000146c       0x92 ..\obj\Delay.o
                                0x1f1 (size before relaxing)
 .debug_str     0x000014fe      0x381 ..\obj\Serial2.o
                                0xb71 (size before relaxing)
 .debug_str     0x0000187f      0x1aa ..\obj\stm32f4xx_gpio.o
                                0x4d2 (size before relaxing)
 .debug_str     0x00001a29      0x115 ..\obj\Serial.o
                                0xb54 (size before relaxing)
 .debug_str     0x00001b3e      0x11f ..\obj\misc.o
                                0x3fd (size before relaxing)

.comment        0x00000000       0x6e
 .comment       0x00000000       0x6e ..\obj\stm32f4xx_usart.o
                                 0x6f (size before relaxing)
 .comment       0x0000006e       0x6f ..\obj\startup_stm32f4xx.o
 .comment       0x0000006e       0x6f ..\obj\main.o
 .comment       0x0000006e       0x6f ..\obj\stm32f4xx_rcc.o
 .comment       0x0000006e       0x6f ..\obj\Delay.o
 .comment       0x0000006e       0x6f ..\obj\Serial2.o
 .comment       0x0000006e       0x6f ..\obj\stm32f4xx_gpio.o
 .comment       0x0000006e       0x6f ..\obj\Serial.o
 .comment       0x0000006e       0x6f ..\obj\misc.o

.ARM.attributes
                0x00000000       0x37
 .ARM.attributes
                0x00000000       0x39 ..\obj\stm32f4xx_usart.o
 .ARM.attributes
                0x00000039       0x39 ..\obj\startup_stm32f4xx.o
 .ARM.attributes
                0x00000072       0x39 ..\obj\main.o
 .ARM.attributes
                0x000000ab       0x39 ..\obj\stm32f4xx_rcc.o
 .ARM.attributes
                0x000000e4       0x39 ..\obj\Delay.o
 .ARM.attributes
                0x0000011d       0x39 ..\obj\Serial2.o
 .ARM.attributes
                0x00000156       0x39 ..\obj\stm32f4xx_gpio.o
 .ARM.attributes
                0x0000018f       0x25 ..\obj\sh_cmd.o
 .ARM.attributes
                0x000001b4       0x39 ..\obj\Serial.o
 .ARM.attributes
                0x000001ed       0x39 ..\obj\misc.o

.debug_frame    0x00000000     0x13ac
 .debug_frame   0x00000000      0x490 ..\obj\stm32f4xx_usart.o
 .debug_frame   0x00000490       0x4c ..\obj\startup_stm32f4xx.o
 .debug_frame   0x000004dc      0x134 ..\obj\main.o
 .debug_frame   0x00000610      0x6d4 ..\obj\stm32f4xx_rcc.o
 .debug_frame   0x00000ce4       0x94 ..\obj\Delay.o
 .debug_frame   0x00000d78      0x190 ..\obj\Serial2.o
 .debug_frame   0x00000f08      0x23c ..\obj\stm32f4xx_gpio.o
 .debug_frame   0x00001144      0x190 ..\obj\Serial.o
 .debug_frame   0x000012d4       0xd8 ..\obj\misc.o
